<html>
<body>
<pre>
<h1>µVision Build Log</h1>
<h2>Tool Versions:</h2>
IDE-Version: ¦ÌVision V5.36.0.0
Copyright (C) 2021 ARM Ltd and ARM Germany GmbH. All rights reserved.
License Information: 11111 11111, 1111, LIC=MPPLD-8YSMM-SBFEJ-U1NY7-4VUY9-XI1GL
 
Tool Versions:
Toolchain:       MDK-ARM Plus  Version: 5.36.0.0
Toolchain Path:  E:\Keil_v5\ARM\ARMCC\Bin
C Compiler:      Armcc.exe V5.06 update 7 (build 960)
Assembler:       Armasm.exe V5.06 update 7 (build 960)
Linker/Locator:  ArmLink.exe V5.06 update 7 (build 960)
Library Manager: ArmAr.exe V5.06 update 7 (build 960)
Hex Converter:   FromElf.exe V5.06 update 7 (build 960)
CPU DLL:         SARMCM3.DLL V5.36.0.0
Dialog DLL:      DCM.DLL V1.17.3.0
Target DLL:      CMSIS_AGDI.dll V1.33.0.0
Dialog DLL:      TCM.DLL V1.53.0.0
 
<h2>Project:</h2>
F:\ROS\STM\Border1.3\MDK-ARM\Border.uvprojx
Project File Date:  05/02/2022

<h2>Output:</h2>
*** Using Compiler 'V5.06 update 7 (build 960)', folder: 'E:\Keil_v5\ARM\ARMCC\Bin'
Build target 'Border'
compiling UpperComputer.c...
linking...
Border\Border.axf: Warning: L6304W: Duplicate input file ..\LowPassFilterlib\LowPassFilter.lib ignored.
Program Size: Code=34912 RO-data=832 RW-data=372 ZI-data=23660  
Finished: 0 information, 1 warning and 0 error messages.
FromELF: creating hex file...
"Border\Border.axf" - 0 Error(s), 1 Warning(s).

<h2>Software Packages used:</h2>

Package Vendor: Keil
                http://www.keil.com/pack/Keil.STM32F1xx_DFP.2.4.0.pack
                Keil.STM32F1xx_DFP.2.4.0
                STMicroelectronics STM32F1 Series Device Support, Drivers and Examples

<h2>Collection of Component include folders:</h2>
  E:\Keil_v5\Keil\STM32F1xx_DFP\2.4.0\Device\Include

<h2>Collection of Component Files used:</h2>
Build Time Elapsed:  00:00:06
</pre>
</body>
</html>
